---
source: frost-bluepallas/tests/serialization_tests.rs
expression: "hex::encode(&bytes)"
---
009b56619e0100000016f2d9b29370b85bfd6584c1aaaaaaaaaaaaaaaaaaaaaaaaaaaaaa2a0100000016f2d9b29370b85bfd6584c1aaaaaaaaaaaaaaaaaaaaaaaaaaaaaa2a009b56619e0b2b989a7f6348f51a3fb8eb849a2cecf63e67429e03aa824e00b7d05de68925800000000000000000000000000000000000000000000000000000000000000000000000000000000000000000000000000000000000000000000000000000000b2b989a7f6348f51a3fb8eb849a2cecf63e67429e03aa824e00b7d05de6892580000000000000000000000000000000000000000000000000000000000000000000000000000000000000000000000000000000000000000000000000000000
