---
source: frost-bluepallas/tests/serialization_tests.rs
expression: "hex::encode(&bytes)"
---
009b56619e2a000000000000000000000000000000000000000000000000000000000000000100000016f2d9b29370b85bfd6584c1aaaaaaaaaaaaaaaaaaaaaaaaaaaaaa2a01000000000000000000000000000000000000000000000000000000000000000000000000000000000000000000000000000000000000000000000000000000000000000000000000000000000000000000000000000000000000000000000001000000000000000000000000000000000000000000000000000000000000000000000000000000000000000000000000000000000000000000000000000000000000000000000000000000000000000000000000000000000000000000000002
