---
source: frost-bluepallas/tests/serialization_tests.rs
expression: "hex::encode(&bytes)"
---
009b56619e010000000000000000000000000000000000000000000000000000000000000000000000000000000000000000000000000000000000000000000000000000000000000000000000000000000000000000000000000000000000000000000000ffffff1f943ebc3fb11bd0859d1f6c150000000000000000000000000000002800000000000000000000000000000000000000000000000000000000000000000000000000000000000000000000000000000000000000000000000000000000
