---
source: frost-bluepallas/tests/serialization_tests.rs
expression: "hex::encode(&bytes)"
---
2a00000000000000000000000000000000000000000000000000000000000000010100000000000000000000000000000000000000000000000000000000000000000000000000000000000000000000000000000000000000000000000000000000000000000000000000000000000000000000000000000000000000000000000100000016f2d9b29370b85bfd6584c1aaaaaaaaaaaaaaaaaaaaaaaaaaaaaa2a0203
