---
source: frost-bluepallas/tests/serialization_tests.rs
expression: "hex::encode(&bytes)"
---
2a00000000000000000000000000000000000000000000000000000000000000020100000016f2d9b29370b85bfd6584c1aaaaaaaaaaaaaaaaaaaaaaaaaaaaaa2a0100000016f2d9b29370b85bfd6584c1aaaaaaaaaaaaaaaaaaaaaaaaaaaaaa2a010100000000000000000000000000000000000000000000000000000000000000000000000000000000000000000000000000000000000000000000000000000000000000000000000000000000000000000000000000000000000000000000000203
