---
source: frost-bluepallas/tests/serialization_tests.rs
expression: "hex::encode(&bytes)"
---
009b56619e012a00000000000000000000000000000000000000000000000000000000000000009b56619e010000000000000000000000000000000000000000000000000000000000000000000000000000000000000000000000000000000000000000000000000000000000000000000000000000000000000000000000000000000000000000000000ffffff1f943ebc3fb11bd0859d1f6c1500000000000000000000000000000028000000000000000000000000000000000000000000000000000000000000000000000000000000000000000000000000000000000000000000000000000000000b68656c6c6f20776f726c64
